anchor train...
data_anchor
Source_Dataset: Drishti_GS
Target_Dataset: ['RIM_ONE_r3', 'REFUGE', 'ORIGA', 'REFUGE_Valid']
num_workers: 8
image_size: 512
backbone: resnet34
in_ch: 3
out_ch: 2
optimizer: Adam
lr: 0.05
momentum: 0.99
beta1: 0.9
beta2: 0.99
weight_decay: 0.0
batch_size: 1
iters: 1
warm_n: 5
path_save_log: Med-LISA/OPTIC/logs/
model_root: Med-LISA/models
dataset_root: Med-LISA/data
device: cuda:0
************************************************************
Test Metrics:  {'Disc_Dice': np.float64(86.95513760670681), 'Disc_ASD': np.float64(17.93023931588544), 'Cup_Dice': np.float64(73.07624011275607), 'Cup_ASD': np.float64(15.620366324387913)}
Mean Dice: 80.01568885973144
