anchor train...
data_anchor
Source_Dataset: ORIGA
Target_Dataset: ['RIM_ONE_r3', 'REFUGE', 'REFUGE_Valid', 'Drishti_GS']
num_workers: 8
image_size: 512
backbone: resnet34
in_ch: 3
out_ch: 2
optimizer: Adam
lr: 0.05
momentum: 0.99
beta1: 0.9
beta2: 0.99
weight_decay: 0.0
batch_size: 1
iters: 1
warm_n: 5
path_save_log: Med-LISA/OPTIC/logs/
model_root: Med-LISA/models
dataset_root: Med-LISA/data
device: cuda:0
************************************************************
Test Metrics:  {'Disc_Dice': np.float64(84.09968365116278), 'Disc_ASD': np.float64(13.480710058773173), 'Cup_Dice': np.float64(68.772153922407), 'Cup_ASD': np.float64(15.041897562739875)}
Mean Dice: 76.4359187867849
