anchor train...
data_anchor
Source_Dataset: REFUGE
Target_Dataset: ['RIM_ONE_r3', 'ORIGA', 'REFUGE_Valid', 'Drishti_GS']
num_workers: 8
image_size: 512
backbone: resnet34
in_ch: 3
out_ch: 2
optimizer: Adam
lr: 0.05
momentum: 0.99
beta1: 0.9
beta2: 0.99
weight_decay: 0.0
batch_size: 1
iters: 1
warm_n: 5
path_save_log: PLASTIC/OPTIC/logs/
model_root: PLASTIC/models
dataset_root: PLASTIC/data
device: cuda:0
************************************************************
Test Metrics:  {'Disc_Dice': np.float64(85.65271325179528), 'Disc_ASD': np.float64(16.136884210742092), 'Cup_Dice': np.float64(71.85574639980791), 'Cup_ASD': np.float64(15.594896645761954)}
Mean Dice: 78.75422982580159
