anchor train...
data_anchor
Source_Dataset: RIM_ONE_r3
Target_Dataset: ['REFUGE', 'ORIGA', 'REFUGE_Valid', 'Drishti_GS']
num_workers: 8
image_size: 512
backbone: resnet34
in_ch: 3
out_ch: 2
optimizer: Adam
lr: 0.05
momentum: 0.99
beta1: 0.9
beta2: 0.99
weight_decay: 0.0
batch_size: 1
iters: 1
warm_n: 5
path_save_log: PLASTIC/OPTIC/logs/
model_root: PLASTIC/models
dataset_root: PLASTIC/data
device: cuda:0
************************************************************
Test Metrics:  {'Disc_Dice': np.float64(86.92176913407076), 'Disc_ASD': np.float64(14.799149855677104), 'Cup_Dice': np.float64(73.39024095244899), 'Cup_ASD': np.float64(14.868543114551343)}
Mean Dice: 80.15600504325988
