Source_Dataset: RIM_ONE_r3
Target_Dataset: ['REFUGE', 'ORIGA', 'REFUGE_Valid', 'Drishti_GS']
num_workers: 8
image_size: 512
backbone: resnet34
in_ch: 3
out_ch: 2
optimizer: Adam
lr: 0.05
momentum: 0.99
beta1: 0.9
beta2: 0.99
weight_decay: 0.0
batch_size: 1
iters: 1
memory_size: 40
neighbor: 16
anchor_alpha: 0.01
warm_n: 5
path_save_log: /data/home/anonymous/LISA/OPTIC/logs/
model_root: /data/home/anonymous/LISA/model
dataset_root: /data/home/anonymous/LISA/data
device: cuda:0
The number of total parameters: 75
************************************************************
Test Metrics:  {'Disc_Dice': np.float64(81.57902435046084), 'Disc_ASD': np.float64(22.333654732001552), 'Cup_Dice': np.float64(66.2439390548616), 'Cup_ASD': np.float64(16.16473919949905)}
Mean Dice: 73.91148170266122
