res.conv1.weight
res.bn1.weight
res.bn1.bias
res.layer1.0.conv1.weight
res.layer1.0.bn1.weight
res.layer1.0.bn1.bias
res.layer1.0.conv2.weight
res.layer1.0.bn2.weight
res.layer1.0.bn2.bias
res.layer1.1.conv1.weight
res.layer1.1.bn1.weight
res.layer1.1.bn1.bias
res.layer1.1.conv2.weight
res.layer1.1.bn2.weight
res.layer1.1.bn2.bias
res.layer1.2.conv1.weight
res.layer1.2.bn1.weight
res.layer1.2.bn1.bias
res.layer1.2.conv2.weight
res.layer1.2.bn2.weight
res.layer1.2.bn2.bias
res.layer2.0.conv1.weight
res.layer2.0.bn1.weight
res.layer2.0.bn1.bias
res.layer2.0.conv2.weight
res.layer2.0.bn2.weight
res.layer2.0.bn2.bias
res.layer2.0.downsample.0.weight
res.layer2.0.downsample.1.weight
res.layer2.0.downsample.1.bias
res.layer2.1.conv1.weight
res.layer2.1.bn1.weight
res.layer2.1.bn1.bias
res.layer2.1.conv2.weight
res.layer2.1.bn2.weight
res.layer2.1.bn2.bias
res.layer2.2.conv1.weight
res.layer2.2.bn1.weight
res.layer2.2.bn1.bias
res.layer2.2.conv2.weight
res.layer2.2.bn2.weight
res.layer2.2.bn2.bias
res.layer2.3.conv1.weight
res.layer2.3.bn1.weight
res.layer2.3.bn1.bias
res.layer2.3.conv2.weight
res.layer2.3.bn2.weight
res.layer2.3.bn2.bias
res.layer3.0.conv1.weight
res.layer3.0.bn1.weight
res.layer3.0.bn1.bias
res.layer3.0.conv2.weight
res.layer3.0.bn2.weight
res.layer3.0.bn2.bias
res.layer3.0.downsample.0.weight
res.layer3.0.downsample.1.weight
res.layer3.0.downsample.1.bias
res.layer3.1.conv1.weight
res.layer3.1.bn1.weight
res.layer3.1.bn1.bias
res.layer3.1.conv2.weight
res.layer3.1.bn2.weight
res.layer3.1.bn2.bias
res.layer3.2.conv1.weight
res.layer3.2.bn1.weight
res.layer3.2.bn1.bias
res.layer3.2.conv2.weight
res.layer3.2.bn2.weight
res.layer3.2.bn2.bias
res.layer3.3.conv1.weight
res.layer3.3.bn1.weight
res.layer3.3.bn1.bias
res.layer3.3.conv2.weight
res.layer3.3.bn2.weight
res.layer3.3.bn2.bias
res.layer3.4.conv1.weight
res.layer3.4.bn1.weight
res.layer3.4.bn1.bias
res.layer3.4.conv2.weight
res.layer3.4.bn2.weight
res.layer3.4.bn2.bias
res.layer3.5.conv1.weight
res.layer3.5.bn1.weight
res.layer3.5.bn1.bias
res.layer3.5.conv2.weight
res.layer3.5.bn2.weight
res.layer3.5.bn2.bias
res.layer4.0.conv1.weight
res.layer4.0.bn1.weight
res.layer4.0.bn1.bias
res.layer4.0.conv2.weight
res.layer4.0.bn2.weight
res.layer4.0.bn2.bias
res.layer4.0.downsample.0.weight
res.layer4.0.downsample.1.weight
res.layer4.0.downsample.1.bias
res.layer4.1.conv1.weight
res.layer4.1.bn1.weight
res.layer4.1.bn1.bias
res.layer4.1.conv2.weight
res.layer4.1.bn2.weight
res.layer4.1.bn2.bias
res.layer4.2.conv1.weight
res.layer4.2.bn1.weight
res.layer4.2.bn1.bias
res.layer4.2.conv2.weight
res.layer4.2.bn2.weight
res.layer4.2.bn2.bias
res.fc.weight
res.fc.bias
up1.x_conv.weight
up1.x_conv.bias
up1.tr_conv.weight
up1.tr_conv.bias
up1.bn.weight
up1.bn.bias
up2.x_conv.weight
up2.x_conv.bias
up2.tr_conv.weight
up2.tr_conv.bias
up2.bn.weight
up2.bn.bias
up3.x_conv.weight
up3.x_conv.bias
up3.tr_conv.weight
up3.tr_conv.bias
up3.bn.weight
up3.bn.bias
up4.x_conv.weight
up4.x_conv.bias
up4.tr_conv.weight
up4.tr_conv.bias
up4.bn.weight
up4.bn.bias
up5.weight
up5.bias
bnout.weight
bnout.bias
seg_head.weight
seg_head.bias
Source_Dataset: RIM_ONE_r3
Target_Dataset: ['REFUGE', 'ORIGA', 'REFUGE_Valid', 'Drishti_GS']
num_workers: 8
image_size: 512
backbone: resnet34
in_ch: 3
out_ch: 2
optimizer: Adam
lr: 0.05
momentum: 0.99
beta1: 0.9
beta2: 0.99
weight_decay: 0.0
batch_size: 1
iters: 1
warm_n: 5
path_save_log: /data/home/lixiang/LISA/OPTIC/logs/
model_root: /data/home/lixiang/LISA/model
dataset_root: /data/home/lixiang/LISA/data
device: cuda:0
************************************************************
Traceback (most recent call last):

  File "/data/home/lixiang/LISA/OPTIC/lisa.py", line 203, in <module>

  File "/data/home/lixiang/LISA/OPTIC/lisa.py", line 113, in run

  File "/data/home/lixiang/anaconda3/envs/onediff/lib/python3.11/site-packages/tqdm/std.py", line 1181, in __iter__
    for obj in iterable:

  File "/data/home/lixiang/anaconda3/envs/onediff/lib/python3.11/site-packages/torch/utils/data/dataloader.py", line 732, in __next__
    data = self._next_data()
           ^^^^^^^^^^^^^^^^^

  File "/data/home/lixiang/anaconda3/envs/onediff/lib/python3.11/site-packages/torch/utils/data/dataloader.py", line 1506, in _next_data
    return self._process_data(data, worker_id)
           ^^^^^^^^^^^^^^^^^^^^^^^^^^^^^^^^^^^

  File "/data/home/lixiang/anaconda3/envs/onediff/lib/python3.11/site-packages/torch/utils/data/dataloader.py", line 1541, in _process_data
    data.reraise()

  File "/data/home/lixiang/anaconda3/envs/onediff/lib/python3.11/site-packages/torch/_utils.py", line 769, in reraise
    raise exception

FileNotFoundError: Caught FileNotFoundError in DataLoader worker process 0.
Original Traceback (most recent call last):
  File "/data/home/lixiang/anaconda3/envs/onediff/lib/python3.11/site-packages/torch/utils/data/_utils/worker.py", line 349, in _worker_loop
    data = fetcher.fetch(index)  # type: ignore[possibly-undefined]
           ^^^^^^^^^^^^^^^^^^^^
  File "/data/home/lixiang/anaconda3/envs/onediff/lib/python3.11/site-packages/torch/utils/data/_utils/fetch.py", line 52, in fetch
    data = [self.dataset[idx] for idx in possibly_batched_index]
           ^^^^^^^^^^^^^^^^^^^^^^^^^^^^^^^^^^^^^^^^^^^^^^^^^^^^^
  File "/data/home/lixiang/anaconda3/envs/onediff/lib/python3.11/site-packages/torch/utils/data/_utils/fetch.py", line 52, in <listcomp>
    data = [self.dataset[idx] for idx in possibly_batched_index]
            ~~~~~~~~~~~~^^^^^
  File "/data/home/lixiang/LISA/OPTIC/dataloaders/OPTIC_dataloader.py", line 33, in __getitem__
  File "/data/home/lixiang/anaconda3/envs/onediff/lib/python3.11/site-packages/PIL/Image.py", line 3493, in open
    fp = builtins.open(filename, "rb")
         ^^^^^^^^^^^^^^^^^^^^^^^^^^^^^
FileNotFoundError: [Errno 2] No such file or directory: '/data/home/lixiang/LISA/data/REFUGE_Valid/image/T0119.png'


