res.conv1.weight
res.bn1.weight
res.bn1.bias
res.layer1.0.conv1.weight
res.layer1.0.bn1.weight
res.layer1.0.bn1.bias
res.layer1.0.conv2.weight
res.layer1.0.bn2.weight
res.layer1.0.bn2.bias
res.layer1.1.conv1.weight
res.layer1.1.bn1.weight
res.layer1.1.bn1.bias
res.layer1.1.conv2.weight
res.layer1.1.bn2.weight
res.layer1.1.bn2.bias
res.layer1.2.conv1.weight
res.layer1.2.bn1.weight
res.layer1.2.bn1.bias
res.layer1.2.conv2.weight
res.layer1.2.bn2.weight
res.layer1.2.bn2.bias
res.layer2.0.conv1.weight
res.layer2.0.bn1.weight
res.layer2.0.bn1.bias
res.layer2.0.conv2.weight
res.layer2.0.bn2.weight
res.layer2.0.bn2.bias
res.layer2.0.downsample.0.weight
res.layer2.0.downsample.1.weight
res.layer2.0.downsample.1.bias
res.layer2.1.conv1.weight
res.layer2.1.bn1.weight
res.layer2.1.bn1.bias
res.layer2.1.conv2.weight
res.layer2.1.bn2.weight
res.layer2.1.bn2.bias
res.layer2.2.conv1.weight
res.layer2.2.bn1.weight
res.layer2.2.bn1.bias
res.layer2.2.conv2.weight
res.layer2.2.bn2.weight
res.layer2.2.bn2.bias
res.layer2.3.conv1.weight
res.layer2.3.bn1.weight
res.layer2.3.bn1.bias
res.layer2.3.conv2.weight
res.layer2.3.bn2.weight
res.layer2.3.bn2.bias
res.layer3.0.conv1.weight
res.layer3.0.bn1.weight
res.layer3.0.bn1.bias
res.layer3.0.conv2.weight
res.layer3.0.bn2.weight
res.layer3.0.bn2.bias
res.layer3.0.downsample.0.weight
res.layer3.0.downsample.1.weight
res.layer3.0.downsample.1.bias
res.layer3.1.conv1.weight
res.layer3.1.bn1.weight
res.layer3.1.bn1.bias
res.layer3.1.conv2.weight
res.layer3.1.bn2.weight
res.layer3.1.bn2.bias
res.layer3.2.conv1.weight
res.layer3.2.bn1.weight
res.layer3.2.bn1.bias
res.layer3.2.conv2.weight
res.layer3.2.bn2.weight
res.layer3.2.bn2.bias
res.layer3.3.conv1.weight
res.layer3.3.bn1.weight
res.layer3.3.bn1.bias
res.layer3.3.conv2.weight
res.layer3.3.bn2.weight
res.layer3.3.bn2.bias
res.layer3.4.conv1.weight
res.layer3.4.bn1.weight
res.layer3.4.bn1.bias
res.layer3.4.conv2.weight
res.layer3.4.bn2.weight
res.layer3.4.bn2.bias
res.layer3.5.conv1.weight
res.layer3.5.bn1.weight
res.layer3.5.bn1.bias
res.layer3.5.conv2.weight
res.layer3.5.bn2.weight
res.layer3.5.bn2.bias
res.layer4.0.conv1.weight
res.layer4.0.bn1.weight
res.layer4.0.bn1.bias
res.layer4.0.conv2.weight
res.layer4.0.bn2.weight
res.layer4.0.bn2.bias
res.layer4.0.downsample.0.weight
res.layer4.0.downsample.1.weight
res.layer4.0.downsample.1.bias
res.layer4.1.conv1.weight
res.layer4.1.bn1.weight
res.layer4.1.bn1.bias
res.layer4.1.conv2.weight
res.layer4.1.bn2.weight
res.layer4.1.bn2.bias
res.layer4.2.conv1.weight
res.layer4.2.bn1.weight
res.layer4.2.bn1.bias
res.layer4.2.conv2.weight
res.layer4.2.bn2.weight
res.layer4.2.bn2.bias
res.fc.weight
res.fc.bias
up1.x_conv.weight
up1.x_conv.bias
up1.tr_conv.weight
up1.tr_conv.bias
up1.bn.weight
up1.bn.bias
up2.x_conv.weight
up2.x_conv.bias
up2.tr_conv.weight
up2.tr_conv.bias
up2.bn.weight
up2.bn.bias
up3.x_conv.weight
up3.x_conv.bias
up3.tr_conv.weight
up3.tr_conv.bias
up3.bn.weight
up3.bn.bias
up4.x_conv.weight
up4.x_conv.bias
up4.tr_conv.weight
up4.tr_conv.bias
up4.bn.weight
up4.bn.bias
up5.weight
up5.bias
bnout.weight
bnout.bias
seg_head.weight
seg_head.bias
Source_Dataset: RIM_ONE_r3
Target_Dataset: ['REFUGE', 'ORIGA', 'REFUGE_Valid', 'Drishti_GS']
num_workers: 8
image_size: 512
backbone: resnet34
in_ch: 3
out_ch: 2
optimizer: Adam
lr: 0.05
momentum: 0.99
beta1: 0.9
beta2: 0.99
weight_decay: 0.0
batch_size: 1
iters: 1
warm_n: 5
path_save_log: /data/home/lixiang/Med-LISA/OPTIC/logs/
model_root: /data/home/lixiang/Med-LISA/model
dataset_root: /data/home/lixiang/Med-LISA/data
device: cuda:0
************************************************************
Test Metrics:  {'Disc_Dice': np.float64(0.44483765379914075), 'Disc_ASD': np.float64(123.25442027628931), 'Cup_Dice': np.float64(0.00010045727444425307), 'Cup_ASD': np.float64(100.27804576209228)}
Mean Dice: 0.2224690555367925
