Source_Dataset: RIM_ONE_r3
Target_Dataset: ['REFUGE', 'ORIGA', 'REFUGE_Valid', 'Drishti_GS']
num_workers: 8
image_size: 512
backbone: resnet34
in_ch: 3
out_ch: 2
optimizer: Adam
lr: 0.05
momentum: 0.99
beta1: 0.9
beta2: 0.99
weight_decay: 0.0
batch_size: 1
iters: 1
warm_n: 5
path_save_log: /data/home/lixiang/Med-LISA/OPTIC/logs/
model_root: /data/home/lixiang/Med-LISA/model
dataset_root: /data/home/lixiang/Med-LISA/data
device: cuda:0
************************************************************
Test Metrics:  {'Disc_Dice': np.float64(81.00068852648378), 'Disc_ASD': np.float64(35.493027137637185), 'Cup_Dice': np.float64(67.24243273264679), 'Cup_ASD': np.float64(16.093764452670552)}
Mean Dice: 74.1215606295653
